---
source: src/stream/src/executor/project_set.rs
expression: "executor_snapshot(async || create_executor(),\n        r###\"\n- !chunk |-\n    I I\n    + 1 4\n    + 2 5\n    + 3 6\n- !chunk |-\n    I I\n    + 7 8\n    - 3 6\n\"###).await"
---
- input: !chunk |-
    +---+---+---+
    | + | 1 | 4 |
    | + | 2 | 5 |
    | + | 3 | 6 |
    +---+---+---+
  output:
  - !chunk |-
    +---+---+---+---+---+
    | + | 0 | 5 | 1 | 2 |
    | + | 1 | 5 |   | 2 |
    | + | 0 | 7 | 1 | 2 |
    | + | 1 | 7 |   | 2 |
    | + | 0 | 9 | 1 | 2 |
    | + | 1 | 9 |   | 2 |
    +---+---+---+---+---+
- input: !chunk |-
    +---+---+---+
    | + | 7 | 8 |
    | - | 3 | 6 |
    +---+---+---+
  output:
  - !chunk |-
    +---+---+----+---+---+
    | + | 0 | 15 | 1 | 2 |
    | + | 1 | 15 |   | 2 |
    | - | 0 | 9  | 1 | 2 |
    | - | 1 | 9  |   | 2 |
    +---+---+----+---+---+

