---
source: src/stream/src/executor/project_set.rs
description: "($0+$1), repeat(1,1), repeat(2,2)"
---
# This result can be automatically updated. See `TODO:` for more information.
- input: !chunk |-
    +---+---+---+
    | + | 1 | 4 |
    | + | 2 | 5 |
    | + | 3 | 6 |
    +---+---+---+
  output:
  - !chunk |-
    +---+---+---+---+---+
    | + | 0 | 5 | 1 | 2 |
    | + | 1 | 5 |   | 2 |
    | + | 0 | 7 | 1 | 2 |
    | + | 1 | 7 |   | 2 |
    | + | 0 | 9 | 1 | 2 |
    | + | 1 | 9 |   | 2 |
    +---+---+---+---+---+
- input: !chunk |-
    +---+---+---+
    | + | 7 | 8 |
    | - | 3 | 6 |
    +---+---+---+
  output:
  - !chunk |-
    +---+---+----+---+---+
    | + | 0 | 15 | 1 | 2 |
    | + | 1 | 15 |   | 2 |
    | - | 0 | 9  | 1 | 2 |
    | - | 1 | 9  |   | 2 |
    +---+---+----+---+---+

