---
source: src/stream/src/executor/over_window/eowc.rs
description: "sum over (1 preceding, 1 following)"
---
# This result can be automatically updated. See `TODO:` for more information.
- input: !barrier 1
  output:
  - !barrier 1
- input: !chunk |-
    +---+---+----+-----+----+
    | + | 1 | p1 | 100 | 10 |
    | + | 1 | p1 | 101 | 16 |
    | + | 4 | p1 | 102 | 20 |
    +---+---+----+-----+----+
  output:
  - !watermark
    col_idx: 0
    val: 1
  - !chunk |-
    +---+---+----+-----+----+----+
    | + | 1 | p1 | 100 | 10 | 26 |
    | + | 1 | p1 | 101 | 16 | 46 |
    +---+---+----+-----+----+----+

